* using log directory 'C:/Users/TH282424/Rprojects/iRamat/iRamat.Rcheck'
* using R version 4.4.2 (2024-10-31 ucrt)
* using platform: x86_64-w64-mingw32
* R was compiled by
    gcc.exe (GCC) 13.3.0
    GNU Fortran (GCC) 13.3.0
* running under: Windows 11 x64 (build 22631)
* using session charset: UTF-8
* checking for file 'iRamat/DESCRIPTION' ... OK
* checking extension type ... Package
* this is package 'iRamat' version '0.0.0.9'
* package encoding: UTF-8
* checking package namespace information ... OK
* checking package dependencies ... OK
* checking if this is a source package ... OK
* checking if there is a namespace ... OK
* checking for executable files ... OK
* checking for hidden files and directories ... OK
* checking for portable file names ... OK
* checking whether package 'iRamat' can be installed ... OK
* checking installed package size ... OK
* checking package directory ... OK
* checking DESCRIPTION meta-information ... OK
* checking top-level files ... OK
* checking for left-over files ... OK
* checking index information ... OK
* checking package subdirectories ... OK
* checking code files for non-ASCII characters ... OK
* checking R files for syntax errors ... OK
* checking whether the package can be loaded ... OK
* checking whether the package can be loaded with stated dependencies ... OK
* checking whether the package can be unloaded cleanly ... OK
* checking whether the namespace can be loaded with stated dependencies ... OK
* checking whether the namespace can be unloaded cleanly ... OK
* checking loading without being on the library search path ... OK
* checking dependencies in R code ... OK
* checking S3 generic/method consistency ... OK
* checking replacement functions ... OK
* checking foreign function calls ... OK
* checking R code for possible problems ... NOTE
chrono: no visible binding for global variable 'edtf'
chrono: no visible binding for global variable 'start_str'
chrono: no visible binding for global variable 'end_str'
chrono: no visible binding for global variable 'dated'
chrono: no visible binding for global variable 'context_name'
chrono: no visible binding for global variable 'start_num'
chrono: no visible binding for global variable 'end_num'
chrono: no visible binding for global variable 'type'
periodo: no visible binding for global variable 'start_num'
periodo: no visible binding for global variable 'end_num'
periodo: no visible binding for global variable 'overlap_stop'
periodo: no visible binding for global variable 'overlap_start'
periodo: no visible binding for global variable 'period_len'
periodo: no visible binding for global variable 'overlap_len'
periodo: no visible binding for global variable 'inside_ratio'
periodo: no visible binding for global variable 'label'
periodo: no visible binding for global variable 'spatial_coverage'
periodo: no visible binding for global variable 'context_name'
Undefined global functions or variables:
  context_name dated edtf end_num end_str inside_ratio label
  overlap_len overlap_start overlap_stop period_len spatial_coverage
  start_num start_str type
* checking Rd files ... OK
* checking Rd metadata ... OK
* checking Rd cross-references ... OK
* checking for missing documentation entries ... OK
* checking for code/documentation mismatches ... OK
* checking Rd \usage sections ... OK
* checking Rd contents ... OK
* checking for unstated dependencies in examples ... OK
* checking examples ... OK
* checking for unstated dependencies in 'tests' ... OK
* checking tests ... OK
  Running 'testthat.R'
* checking PDF version of manual ... OK
* DONE
Status: 1 NOTE
